// Jest Snapshot v1, https://goo.gl/fbAQLP

exports[`Search and filter renders 1`] = `
<div
  className="search-and-filter"
>
  <SearchBox
    autocomplete="off"
    externallyControlled={false}
    onChange={[Function]}
    onClick={[Function]}
    onFocus={[Function]}
    placeholder="Search and filter"
    value=""
  />
</div>
`;
